SPI NOR ID code:0xc2 0x20 0x18
SPI jump setting is 3 bytes mode
Boot image offset: 0x10000. size: 0x70000. Booting Image .....


U-Boot 2013.01 (Jun 01 2005 - 03:25:49)

DRAM:  64 MiB
ROM CODE has enable I cache
SPI mode
SF: Got idcodes
00000000: c2 20 18 c2    . ..
SF: Detected MX25L12805D with page size 64 KiB, total 16 MiB
flash is 3byte mode
*** Warning - bad CRC, using default environment

In:    serial
Out:   serial
Err:   serial

-------------------------------
ID: 8136140
AC: 237  HC: 237  P1: 712  P2: 600  P3: 540
C6: 712  DR: 950
J: 237   H1: 237
-------------------------------
Net:   GMAC set RMII mode
reset PHY
eth0
Warning: eth0 MAC addresses don't match:
Address in SROM is         75:61:73:68:66:73
Address in environment is  00:11:22:33:44:55

Hit any key to stop autoboot:  0 
SF: Got idcodes
00000000: c2 20 18 c2    . ..
SF: Detected MX25L12805D with page size 64 KiB, total 16 MiB
flash is 3byte mode
## Booting kernel from Legacy Image at 02000000 ...
   Image Name:   gm8136
   Image Type:   ARM Linux Kernel Image (uncompressed)
   Data Size:    2025296 Bytes = 1.9 MiB
   Load Address: 02000000
   Entry Point:  02000040
   Verifying Checksum ... OK
   XIP Kernel Image ... OK
OK
: mem=64M gmmem=30M console=ttyS0,115200 user_debug=31 init=/squashfs_init root=/dev/mtdblock2 rootfstype=squashfs

Starting kernel ...

Uncompressing Linux... done, booting the kernel.
Booting Linux on physical CPU 0
Linux version 3.3.0 (user9@ubuntu) (gcc version 4.4.0 20100318 (experimental) (Buildroot 2012.02) ) #61 PREEMPT Sun Jul 24 04:34:41 PDT 2005
CPU: FA6 [66056263] revision 3 (ARMv5TE), cr=0000397f
CPU VIPT aliasing data cache, unknown instruction cache
Machine: Grain-Media GM8136 series
Memory policy: ECC disabled, Data cache writeback
Built 1 zonelists in Zone order, mobility grouping on.  Total pages: 16256
Kernel command line: mem=64M gmmem=30M console=ttyS0,115200 user_debug=31 init=/squashfs_init root=/dev/mtdblock2 rootfstype=squashfs
PID hash table entries: 256 (order: -2, 1024 bytes)
Dentry cache hash table entries: 8192 (order: 3, 32768 bytes)
Inode-cache hash table entries: 4096 (order: 2, 16384 bytes)
Memory: 64MB = 64MB total
Memory: 60972k/60972k available, 4564k reserved, 0K highmem
Virtual kernel memory layout:
    vector  : 0xffff0000 - 0xffff1000   (   4 kB)
    fixmap  : 0xfff00000 - 0xfffe0000   ( 896 kB)
    vmalloc : 0x84800000 - 0xff000000   (1960 MB)
    lowmem  : 0x80000000 - 0x84000000   (  64 MB)
    modules : 0x7f000000 - 0x80000000   (  16 MB)
      .text : 0x80008000 - 0x803955a0   (3638 kB)
      .init : 0x80396000 - 0x803b1000   ( 108 kB)
      .data : 0x803b2000 - 0x803cca60   ( 107 kB)
       .bss : 0x803cca84 - 0x803dc8ac   (  64 kB)
NR_IRQS:64
gm_jiffies_init, system HZ: 100, pClk: 118750000 
console [ttyS0] enabled
Calibrating delay loop... 709.42 BogoMIPS (lpj=3547136)
pid_max: default: 32768 minimum: 301
Mount-cache hash table entries: 512
CPU: Testing write buffer coherency: ok
Setting up static identity map for 0x2b69a8 - 0x2b69f0
devtmpfs: initialized
FMEM: 7680 pages(0x1e00000 bytes) from bank0 are reserved for Frammap. 
FMEM: Logical memory ends up at 0x84000000, init_mm:0x80004000(0x4000), PAGE_OFFSET:0x80000000(0x0), 
FMEM: FA726 Test and Debug Register: 0x0 
NET: Registered protocol family 16
PMU: Mapped at 0xfe000000 
IC: GM8135, version: 0x1 
iotable: VA: 0xfe000000, PA: 0x90c00000, Length: 4096 
iotable: VA: 0xfe001000, PA: 0x90700000, Length: 4096 
iotable: VA: 0xfe002000, PA: 0x90800000, Length: 4096 
iotable: VA: 0xfe003000, PA: 0x90900000, Length: 4096 
iotable: VA: 0xfe004000, PA: 0x90d00000, Length: 4096 
iotable: VA: 0xfe005000, PA: 0x96000000, Length: 4096 
bio: create slab <bio-0> at 0
usbcore: registered new interface driver usbfs
usbcore: registered new interface driver hub
usbcore: registered new device driver usb
Switching to clocksource fttmr010:1
cfg80211: Calling CRDA to update world regulatory domain
NET: Registered protocol family 2
IP route cache hash table entries: 1024 (order: 0, 4096 bytes)
TCP established hash table entries: 2048 (order: 2, 16384 bytes)
TCP bind hash table entries: 2048 (order: 1, 8192 bytes)
TCP: Hash tables configured (established 2048 bind 2048)
TCP reno registered
UDP hash table entries: 256 (order: 0, 4096 bytes)
UDP-Lite hash table entries: 256 (order: 0, 4096 bytes)
NET: Registered protocol family 1
RPC: Registered named UNIX socket transport module.
RPC: Registered udp transport module.
RPC: Registered tcp transport module.
RPC: Registered tcp NFSv4.1 backchannel transport module.
Video Timer(timer3) Max 36000ms in 0xfecf52c0 HZ.
ftdmac020 ftdmac020.0: DMA engine driver: irq 1, mapped at 0x84804000
GM CPU frequency driver
CPUFREQ support for gm initialized
squashfs: version 4.0 (2009/01/31) Phillip Lougher
JFFS2 version 2.2. (NAND) Â© 2001-2006 Red Hat, Inc.
msgmni has been set to 119
io scheduler noop registered
io scheduler deadline registered (default)
gpiochip_add: registered GPIOs 0 to 31 on device: ftgpio010.0
probe ftgpio010.0 OK, at 0x84856000
gpiochip_add: registered GPIOs 32 to 63 on device: ftgpio010.1
probe ftgpio010.1 OK, at 0x84858000
Serial: 8250/16550 driver, 3 ports, IRQ sharing disabled
serial8250: ttyS0 at I/O 0xfe001000 (irq = 21) is a 16550A
serial8250: ttyS1 at I/O 0xfe002000 (irq = 22) is a 16550A
serial8250: ttyS2 at I/O 0xfe003000 (irq = 25) is a 16550A
brd: module loaded
loop: module loaded
Not for SPI-NAND pin mux
SPI020 init
SPI020 uses AHB DMA mode
FTSPI020 enable DMA handshake 0x3
SPI020 gets DMA channel 0
ftspi020 ftspi020.0: Faraday FTSPI020 Controller at 0x92300000(0x8485a000) irq 54.
spi spi0.0: setup: bpw 8 mode 0
CLK div field set 1, clock = 30000000Hz
ERASE SECTOR 64K
SPI_FLASH spi0.0: MX25L12845E (16384 Kbytes)
Creating 6 MTD partitions on "nor-flash":
0x000000010000-0x000000080000 : "UBOOT"
0x000000080000-0x000000380000 : "LINUX"
0x000000380000-0x000000b00000 : "FS"
0x000000b00000-0x000000c00000 : "USER0"
0x000000c00000-0x000001000000 : "USER1"
0x000000000000-0x000001000000 : "ALL"
Probe FTSPI020 SPI Controller at 0x92300000 (irq 54)
ftgmac: Loading version 2.0 ...
ftgmac: Tx queue number = 128, Rx queue number = 128
ftgmac100-0-mdio: probed
ftgmac100-0 ftgmac100-0.0: (unregistered net_device): eth%d: no PHY found
ftgmac100-0 ftgmac100-0.0: MII Probe failed!
ehci_hcd: USB 2.0 'Enhanced' Host Controller (EHCI) Driver
FOTG2XX Controller Initialization
Enter Device A
Drive Vbus because of ID pin shows Device A
fotg210 fotg210.0: FOTG2XX
fotg210 fotg210.0: new USB bus registered, assigned bus number 1
fotg210 fotg210.0: irq 9, io mem 0x93000000
fotg210 fotg210.0: USB 2.0 started, EHCI 1.00
hub 1-0:1.0: USB hub found
hub 1-0:1.0: 1 port detected
i2c /dev entries driver
ftiic010 ftiic010.0: irq 18, mapped at 84860000
I2C hangs detection thread started!
sdhci: Secure Digital Host Controller Interface driver
sdhci: Copyright(c) Pierre Ossman
mmc0: SDHCI controller on ftsdc021.0 [ftsdc021.0] using ADMA
sdhci-pltfm: SDHCI platform and OF driver helper
TCP cubic registered
NET: Registered protocol family 17
NET: Registered protocol family 15
lib80211: common routines for IEEE802.11 drivers
VFS: Mounted root (squashfs filesystem) readonly on device 31:2.
devtmpfs: mounted
Freeing init memory: 108K
usb 1-1: new high-speed USB device number 2 using fotg210
busybox: /linuxrc: Read-only file system
Mounting root fs rw ...
Mounting other filesystems ...
Setting hostname ...
Bringing up interfaces ...
/bin/sh: run-parts: not found
Mounting user's MTD partion
mke2fs 1.42.8 (20-Jun-2013)
Discarding device blocks: done                            
Filesystem label=
OS type: Linux
Block size=1024 (log=0)
Fragment size=1024 (log=0)
Stride=0 blocks, Stripe width=0 blocks
4096 inodes, 16384 blocks
819 blocks (5.00%) reserved for the super user
First data block=1
Maximum filesystem blocks=16777216
2 block groups
8192 blocks per group, 8192 fragments per group
2048 inodes per group
Superblock backups stored on blocks: 
	8193

Allocating group tables: done                            
Writing inode tables: done                            
Writing superblocks and filesystem accounting information: done

Frammap: DDR0: memory base=0x1800000, memory size=0x1e00000, align_size = 4K. 
Frammap: version 1.1.2, and the system has 1 DDR.
Frammap: fail to open /mnt/mtd/config_8136, /tmp/template_8136 is created.
----------------------------------------------------------------
ddr name: frammap0 
base: 0x1800000 
end: 0x3600000 
size: 0x1e00000 bytes
memory allocated: 0x0 bytes 
memory free: 0x1e00000 bytes 
max available slice: 0x1e00000 bytes
memory allocate count: 0 
clear address: 0x1800000 
dirty pages: 0 
clear pages: 7680 
size alignment: 0x1000 

=========================================================================
 Start startup!
startup 0 0
no key detect 
vStarNpc:


